Starting data recorder (interval: 300s)
Data directory: /Users/gabewalter/Documents/Kalshi/data/snapshots
Press Ctrl+C to stop

[2026-01-18 20:32:01 UTC] Taking snapshot...
  Kalshi KXBTCD... 165 markets → data/snapshots/kalshi/20260118/kalshi_20260118_203201.parquet
  Deribit options... 658 options → data/snapshots/deribit/20260118/deribit_20260118_203201.parquet
  Next snapshot in 300s...

[2026-01-18 20:37:02 UTC] Taking snapshot...
  Kalshi KXBTCD... 165 markets → data/snapshots/kalshi/20260118/kalshi_20260118_203702.parquet
  Deribit options... 658 options → data/snapshots/deribit/20260118/deribit_20260118_203702.parquet
  Next snapshot in 300s...

[2026-01-18 20:42:04 UTC] Taking snapshot...
  Kalshi KXBTCD... 165 markets → data/snapshots/kalshi/20260118/kalshi_20260118_204204.parquet
  Deribit options... 658 options → data/snapshots/deribit/20260118/deribit_20260118_204204.parquet
  Next snapshot in 300s...

[2026-01-18 20:47:06 UTC] Taking snapshot...
  Kalshi KXBTCD... 165 markets → data/snapshots/kalshi/20260118/kalshi_20260118_204706.parquet
  Deribit options... 658 options → data/snapshots/deribit/20260118/deribit_20260118_204706.parquet
  Next snapshot in 300s...

[2026-01-18 20:52:07 UTC] Taking snapshot...
  Kalshi KXBTCD... 165 markets → data/snapshots/kalshi/20260118/kalshi_20260118_205207.parquet
  Deribit options... 658 options → data/snapshots/deribit/20260118/deribit_20260118_205207.parquet
  Next snapshot in 300s...

[2026-01-18 20:57:09 UTC] Taking snapshot...
  Kalshi KXBTCD... 165 markets → data/snapshots/kalshi/20260118/kalshi_20260118_205709.parquet
  Deribit options... 658 options → data/snapshots/deribit/20260118/deribit_20260118_205709.parquet
  Next snapshot in 300s...

[2026-01-18 21:02:15 UTC] Taking snapshot...
  Kalshi KXBTCD... 90 markets → data/snapshots/kalshi/20260118/kalshi_20260118_210215.parquet
  Deribit options... 658 options → data/snapshots/deribit/20260118/deribit_20260118_210215.parquet
  Next snapshot in 300s...

[2026-01-18 21:07:18 UTC] Taking snapshot...
  Kalshi KXBTCD... 90 markets → data/snapshots/kalshi/20260118/kalshi_20260118_210718.parquet
  Deribit options... 658 options → data/snapshots/deribit/20260118/deribit_20260118_210718.parquet
  Next snapshot in 300s...

[2026-01-18 21:47:49 UTC] Taking snapshot...
  Kalshi KXBTCD... 90 markets → data/snapshots/kalshi/20260118/kalshi_20260118_214749.parquet
  Deribit options... 658 options → data/snapshots/deribit/20260118/deribit_20260118_214749.parquet
  Next snapshot in 300s...

[2026-01-18 21:52:50 UTC] Taking snapshot...
  Kalshi KXBTCD... 90 markets → data/snapshots/kalshi/20260118/kalshi_20260118_215250.parquet
  Deribit options... 658 options → data/snapshots/deribit/20260118/deribit_20260118_215250.parquet
  Next snapshot in 300s...

[2026-01-18 21:57:51 UTC] Taking snapshot...
  Kalshi KXBTCD... 90 markets → data/snapshots/kalshi/20260118/kalshi_20260118_215751.parquet
  Deribit options... 658 options → data/snapshots/deribit/20260118/deribit_20260118_215751.parquet
  Next snapshot in 300s...

[2026-01-18 22:02:53 UTC] Taking snapshot...
  Kalshi KXBTCD... 125 markets → data/snapshots/kalshi/20260118/kalshi_20260118_220253.parquet
  Deribit options... 658 options → data/snapshots/deribit/20260118/deribit_20260118_220253.parquet
  Next snapshot in 300s...

[2026-01-18 22:07:55 UTC] Taking snapshot...
  Kalshi KXBTCD... 125 markets → data/snapshots/kalshi/20260118/kalshi_20260118_220755.parquet
  Deribit options... 658 options → data/snapshots/deribit/20260118/deribit_20260118_220755.parquet
  Next snapshot in 300s...

[2026-01-18 22:12:57 UTC] Taking snapshot...
  Kalshi KXBTCD... 125 markets → data/snapshots/kalshi/20260118/kalshi_20260118_221257.parquet
  Deribit options... 658 options → data/snapshots/deribit/20260118/deribit_20260118_221257.parquet
  Next snapshot in 300s...

[2026-01-18 22:34:51 UTC] Taking snapshot...
  Kalshi KXBTCD... 125 markets → data/snapshots/kalshi/20260118/kalshi_20260118_223451.parquet
  Deribit options... 658 options → data/snapshots/deribit/20260118/deribit_20260118_223451.parquet
  Next snapshot in 300s...

[2026-01-18 22:39:54 UTC] Taking snapshot...
  Kalshi KXBTCD... 125 markets → data/snapshots/kalshi/20260118/kalshi_20260118_223954.parquet
  Deribit options... 658 options → data/snapshots/deribit/20260118/deribit_20260118_223954.parquet
  Next snapshot in 300s...

[2026-01-18 22:57:05 UTC] Taking snapshot...
  Kalshi KXBTCD... 125 markets → data/snapshots/kalshi/20260118/kalshi_20260118_225705.parquet
  Deribit options... 658 options → data/snapshots/deribit/20260118/deribit_20260118_225705.parquet
  Next snapshot in 300s...

[2026-01-18 23:02:07 UTC] Taking snapshot...
  Kalshi KXBTCD... 125 markets → data/snapshots/kalshi/20260118/kalshi_20260118_230207.parquet
  Deribit options... 658 options → data/snapshots/deribit/20260118/deribit_20260118_230207.parquet
  Next snapshot in 300s...

[2026-01-18 23:07:09 UTC] Taking snapshot...
  Kalshi KXBTCD... 125 markets → data/snapshots/kalshi/20260118/kalshi_20260118_230709.parquet
  Deribit options... 658 options → data/snapshots/deribit/20260118/deribit_20260118_230709.parquet
  Next snapshot in 300s...

[2026-01-18 23:15:35 UTC] Taking snapshot...
  Kalshi KXBTCD... 125 markets → data/snapshots/kalshi/20260118/kalshi_20260118_231535.parquet
  Deribit options... 658 options → data/snapshots/deribit/20260118/deribit_20260118_231535.parquet
  Next snapshot in 300s...

[2026-01-18 23:20:37 UTC] Taking snapshot...
  Kalshi KXBTCD... 125 markets → data/snapshots/kalshi/20260118/kalshi_20260118_232037.parquet
  Deribit options... 658 options → data/snapshots/deribit/20260118/deribit_20260118_232037.parquet
  Next snapshot in 300s...

[2026-01-18 23:25:40 UTC] Taking snapshot...
  Kalshi KXBTCD... 125 markets → data/snapshots/kalshi/20260118/kalshi_20260118_232540.parquet
  Deribit options... 658 options → data/snapshots/deribit/20260118/deribit_20260118_232540.parquet
  Next snapshot in 300s...

[2026-01-18 23:30:41 UTC] Taking snapshot...
  Kalshi KXBTCD... 125 markets → data/snapshots/kalshi/20260118/kalshi_20260118_233041.parquet
  Deribit options... 658 options → data/snapshots/deribit/20260118/deribit_20260118_233041.parquet
  Next snapshot in 300s...

[2026-01-18 23:35:43 UTC] Taking snapshot...
  Kalshi KXBTCD... 125 markets → data/snapshots/kalshi/20260118/kalshi_20260118_233543.parquet
  Deribit options... 658 options → data/snapshots/deribit/20260118/deribit_20260118_233543.parquet
  Next snapshot in 300s...

[2026-01-18 23:40:45 UTC] Taking snapshot...
  Kalshi KXBTCD... 125 markets → data/snapshots/kalshi/20260118/kalshi_20260118_234045.parquet
  Deribit options... 658 options → data/snapshots/deribit/20260118/deribit_20260118_234045.parquet
  Next snapshot in 300s...

[2026-01-18 23:45:46 UTC] Taking snapshot...
  Kalshi KXBTCD... 125 markets → data/snapshots/kalshi/20260118/kalshi_20260118_234546.parquet
  Deribit options... 660 options → data/snapshots/deribit/20260118/deribit_20260118_234546.parquet
  Next snapshot in 300s...

[2026-01-18 23:56:34 UTC] Taking snapshot...
  Kalshi KXBTCD... 125 markets → data/snapshots/kalshi/20260118/kalshi_20260118_235634.parquet
  Deribit options... 662 options → data/snapshots/deribit/20260118/deribit_20260118_235634.parquet
  Next snapshot in 300s...

[2026-01-19 00:01:36 UTC] Taking snapshot...
  Kalshi KXBTCD... 125 markets → data/snapshots/kalshi/20260119/kalshi_20260119_000136.parquet
  Deribit options... 662 options → data/snapshots/deribit/20260119/deribit_20260119_000136.parquet
  Next snapshot in 300s...

[2026-01-19 00:06:37 UTC] Taking snapshot...
  Kalshi KXBTCD... 125 markets → data/snapshots/kalshi/20260119/kalshi_20260119_000637.parquet
  Deribit options... 666 options → data/snapshots/deribit/20260119/deribit_20260119_000637.parquet
  Next snapshot in 300s...

[2026-01-19 00:11:39 UTC] Taking snapshot...
  Kalshi KXBTCD... 125 markets → data/snapshots/kalshi/20260119/kalshi_20260119_001139.parquet
  Deribit options... 666 options → data/snapshots/deribit/20260119/deribit_20260119_001139.parquet